# 1-th action
# 2-th local queue path
# 3-th local queue name
# 4-th remote queue path
# 5-th remote queue name
# examples
# RECV /home/ums/fq/enmq KT /home/ums/fq/enmq TST1
# SEND /umsdata2/enmq GW-REAL-PREHIST /umsdata2/enmq GW-REAL-PREHIST
###################################################################
SEND /umsdata2/enmq GW-REAL-PREHIST /umsdata1/enmq GW-REAL-PREHIST
SEND /umsdata2/enmq GW-DIST-PREHIST /umsdata1/enmq GW-DIST-PREHIST
SEND /umsdata2/enmq GW-BAT-PREHIST /umsdata1/enmq GW-BAT-PREHIST
SEND /umsdata2/enmq GW-REAL-REQ-815 /umsdata1/enmq GW-REAL-REQ-815
SEND /umsdata2/enmq GW-REAL-REQ-816 /umsdata1/enmq GW-REAL-REQ-816
SEND /umsdata2/enmq GW-REAL-REQ-817 /umsdata1/enmq GW-REAL-REQ-817
SEND /umsdata2/enmq GW-REAL-HIST /umsdata1/enmq GW-REAL-HIST
SEND /umsdata2/enmq GW-REAL-HIST-MKT /umsdata1/enmq GW-REAL-HIST-MKT
SEND /umsdata2/enmq GW-REAL-HIST-RSV /umsdata1/enmq GW-REAL-HIST-RSV
SEND /umsdata2/enmq GW-REAL-HIST-815 /umsdata1/enmq GW-REAL-HIST-815
SEND /umsdata2/enmq GW-REAL-HIST-816 /umsdata1/enmq GW-REAL-HIST-816
SEND /umsdata2/enmq GW-REAL-HIST-817 /umsdata1/enmq GW-REAL-HIST-817
SEND /umsdata2/enmq GW-REAL-RESERVE /umsdata1/enmq GW-REAL-RESERVE
SEND /umsdata2/enmq GW-REAL-FAIL /umsdata1/enmq GW-REAL-FAIL
SEND /umsdata2/enmq GW-REAL-FAIL-815 /umsdata1/enmq GW-REAL-FAIL-815
SEND /umsdata2/enmq GW-REAL-FAIL-816 /umsdata1/enmq GW-REAL-FAIL-816
SEND /umsdata2/enmq GW-REAL-FAIL-817 /umsdata1/enmq GW-REAL-FAIL-817
SEND /umsdata2/enmq GW-BAT-REQ /umsdata1/enmq GW-BAT-REQ
SEND /umsdata2/enmq GW-EAI-ACK /umsdata1/enmq GW-EAI-ACK
SEND /umsdata2/enmq GW-EAI-ACK-LOG /umsdata1/enmq GW-EAI-ACK-LOG
SEND /umsdata2/enmq GW-BAT-HIST /umsdata1/enmq GW-BAT-HIST
SEND /umsdata2/enmq GW-EAI-RPT-LOG /umsdata1/enmq GW-EAI-RPT-LOG
SEND /umsdata2/enmq GW-EAI-RPT /umsdata1/enmq GW-EAI-RPT
SEND /umsdata2/enmq GW-EAI-LAW /umsdata1/enmq GW-EAI-LAW
SEND /umsdata2/enmq GW-EAI-LAW-LOG /umsdata1/enmq GW-EAI-LAW-LOG
SEND /umsdata2/enmq GW-RESEND-HIST /umsdata1/enmq GW-RESEND-HIST
SEND /umsdata2/enmq GW-MKT-STAT /umsdata1/enmq GW-MKT-STAT
SEND /umsdata2/enmq KT_ONL /umsdata1/enmq KT_ONL
SEND /umsdata2/enmq KT_BAT /umsdata1/enmq KT_BAT
SEND /umsdata2/enmq LG_SM_ONL /umsdata1/enmq LG_SM_ONL
SEND /umsdata2/enmq LG_MM_ONL /umsdata1/enmq LG_MM_ONL
SEND /umsdata2/enmq LG_SM_BAT /umsdata1/enmq LG_SM_BAT
SEND /umsdata2/enmq LG_MM_BAT /umsdata1/enmq LG_MM_BAT
SEND /umsdata2/enmq K_ONL /umsdata1/enmq K_ONL
SEND /umsdata2/enmq K_BAT /umsdata1/enmq K_BAT
SEND /umsdata2/enmq C_ONL /umsdata1/enmq C_ONL
SEND /umsdata2/enmq C_BAT /umsdata1/enmq C_BAT
###################################################################
